
> advocate-web-application-frontend@0.0.0 build
> vite build

[36mvite v7.3.1 [32mbuilding client environment for production...[36m[39m
transforming...
[32mΓ£ô[39m 711 modules transformed.
npm : [33m[plugin 
vite:reporter] 
At line:1 char:1
+ npm run build > 
build_output.txt 2>&1
+ ~~~~~~~~~~~~~~~~~~~~~~~~~~~
~~~~~~~~~~
    + CategoryInfo           
   : NotSpecified: ([33m[p  
  lugin vite:reporter] :St   
 ring) [], RemoteExceptio    
n
    + FullyQualifiedErrorId  
   : NativeCommandError
 
(!) D:/Legal-Adviser/advocate
-web-application-frontend-cli
ent/advocate-web-application-
frontend-client/src/services/
api.js is dynamically 
imported by D:/Legal-Adviser/
advocate-web-application-fron
tend-client/advocate-web-appl
ication-frontend-client/src/c
omponents/Consultation/Consul
tationPage.jsx but also 
statically imported by D:/Leg
al-Adviser/advocate-web-appli
cation-frontend-client/advoca
te-web-application-frontend-c
lient/src/components/HomePage
/FeaturedLawyers.jsx, D:/Lega
l-Adviser/advocate-web-applic
ation-frontend-client/advocat
e-web-application-frontend-cl
ient/src/components/HomePage/
PracticeAreas.jsx, D:/Legal-A
dviser/advocate-web-applicati
on-frontend-client/advocate-w
eb-application-frontend-clien
t/src/components/LawyerProfil
e/BookingSidebar.jsx, D:/Lega
l-Adviser/advocate-web-applic
ation-frontend-client/advocat
e-web-application-frontend-cl
ient/src/components/LawyerPro
file/LawyerProfilePage.jsx, D
:/Legal-Adviser/advocate-web-
application-frontend-client/a
dvocate-web-application-front
end-client/src/components/Law
yerSearch/LawyerSearchPage.js
x, D:/Legal-Adviser/advocate-
web-application-frontend-clie
nt/advocate-web-application-f
rontend-client/src/components
/MyConsultations/MyConsultati
onsPage.jsx, D:/Legal-Adviser
/advocate-web-application-fro
ntend-client/advocate-web-app
lication-frontend-client/src/
components/Review/ReviewPage.
jsx, D:/Legal-Adviser/advocat
e-web-application-frontend-cl
ient/advocate-web-application
-frontend-client/src/componen
ts/Vault/FileTable.jsx, D:/Le
gal-Adviser/advocate-web-appl
ication-frontend-client/advoc
ate-web-application-frontend-
client/src/components/Vault/F
ileUploadZone.jsx, D:/Legal-A
dviser/advocate-web-applicati
on-frontend-client/advocate-w
eb-application-frontend-clien
t/src/components/Wallet/AddFu
ndsCard.jsx, D:/Legal-Adviser
/advocate-web-application-fro
ntend-client/advocate-web-app
lication-frontend-client/src/
components/Wallet/WalletPage.
jsx, D:/Legal-Adviser/advocat
e-web-application-frontend-cl
ient/advocate-web-application
-frontend-client/src/context/
AuthContext.jsx, dynamic 
import will not move module 
into another chunk.
[39m
rendering chunks...
computing gzip size...
[2mdist/[22m[32mindex.html                 [39m[1m[2m  0.93 kB[22m[1m[22m[2m Γöé gzip:   0.47 kB[22m
[2mdist/[22m[35massets/index-Cr_oxjlv.css  [39m[1m[2m 80.91 kB[22m[1m[22m[2m Γöé gzip:  13.43 kB[22m
[2mdist/[22m[36massets/index-b8Kv0U5E.js   [39m[1m[33m895.13 kB[39m[22m[2m Γöé gzip: 263.55 kB[22m
[33m
(!) Some chunks are larger 
than 500 kB after 
minification. Consider:
- Using dynamic import() to 
code-split the application
- Use build.rollupOptions.out
put.manualChunks to improve 
chunking: https://rollupjs.or
g/configuration-options/#outp
ut-manualchunks
- Adjust chunk size limit 
for this warning via build.ch
unkSizeWarningLimit.[39m
[32mΓ£ô built in 7.06s[39m

> advocate-web-application-frontend@0.0.0 postbuild
> react-snap

≡ƒöÑ  error at / TimeoutError: Navigation Timeout Exceeded: 30000ms exceeded
    at D:\Legal-Adviser\advocate-web-application-frontend-client\advocate-web-application-frontend-client\node_modules\puppeteer\lib\LifecycleWatcher.js:142:21
  -- ASYNC --
    at Frame.<anonymous> (D:\Legal-Adviser\advocate-web-application-frontend-client\advocate-web-application-frontend-client\node_modules\puppeteer\lib\helper.js:111:15)
    at Page.goto (D:\Legal-Adviser\advocate-web-application-frontend-client\advocate-web-application-frontend-client\node_modules\puppeteer\lib\Page.js:674:49)
    at Page.<anonymous> (D:\Legal-Adviser\advocate-web-application-frontend-client\advocate-web-application-frontend-client\node_modules\puppeteer\lib\helper.js:112:23)
    at fetchPage (D:\Legal-Adviser\advocate-web-application-frontend-client\advocate-web-application-frontend-client\node_modules\react-snap\src\puppeteer_utils.js:232:22)
    at process.processTicksAndRejections (node:internal/process/task_queues:95:5)

